[2026-06-16 18:33:03.762] ifi Zen DAC Volume Sync Service starting...
[2026-06-16 18:33:03.776] Target device 'ifi Zen DAC 3 (AMR HD+ USB Audio)' detected. Hooking volume controls...
[2026-06-16 18:33:03.782] Successfully hooked volume. Initial master volume: 0.40 (Muted: YES)
[2026-06-16 18:33:03.788] Service initialized successfully. Running background message loop...
[2026-06-16 18:33:29.497] Default output device changed notification received. Launching config update thread...
[2026-06-16 18:33:29.504] Default output device changed notification received. Launching config update thread...
[2026-06-16 18:33:35.893] Default output device changed notification received. Launching config update thread...
[2026-06-16 18:33:35.904] Default output device changed notification received. Launching config update thread...
[2026-06-16 18:34:07.290] ifi Zen DAC Volume Sync Service starting...
[2026-06-16 18:34:07.303] Target device 'ifi Zen DAC 3 (AMR HD+ USB Audio)' detected. Hooking volume controls...
[2026-06-16 18:34:07.309] Successfully hooked volume. Initial master volume: 1.00 (Muted: NO)
[2026-06-16 18:34:07.315] Service initialized successfully. Running background message loop...
[2026-06-16 18:35:54.302] Volume Callback - Master Volume changed to: 0.98 (Muted: NO)
[2026-06-16 18:35:54.324] Volume Callback - Master Volume changed to: 0.96 (Muted: NO)
[2026-06-16 18:35:54.344] Volume Callback - Master Volume changed to: 0.94 (Muted: NO)
[2026-06-16 18:35:54.357] Volume Callback - Master Volume changed to: 0.92 (Muted: NO)
[2026-06-16 18:35:54.403] Volume Callback - Master Volume changed to: 0.90 (Muted: NO)
[2026-06-16 18:35:54.449] Volume Callback - Master Volume changed to: 0.88 (Muted: NO)
[2026-06-16 18:35:54.473] Volume Callback - Master Volume changed to: 0.86 (Muted: NO)
[2026-06-16 18:35:54.489] Volume Callback - Master Volume changed to: 0.84 (Muted: NO)
[2026-06-16 18:35:54.511] Volume Callback - Master Volume changed to: 0.82 (Muted: NO)
[2026-06-16 18:35:54.534] Volume Callback - Master Volume changed to: 0.80 (Muted: NO)
[2026-06-16 18:35:54.562] Volume Callback - Master Volume changed to: 0.78 (Muted: NO)
[2026-06-16 18:35:54.693] Volume Callback - Master Volume changed to: 0.76 (Muted: NO)
[2026-06-16 18:35:54.700] Volume Callback - Master Volume changed to: 0.74 (Muted: NO)
[2026-06-16 18:35:54.706] Volume Callback - Master Volume changed to: 0.72 (Muted: NO)
[2026-06-16 18:35:54.721] Volume Callback - Master Volume changed to: 0.70 (Muted: NO)
[2026-06-16 18:35:54.744] Volume Callback - Master Volume changed to: 0.68 (Muted: NO)
[2026-06-16 18:35:54.879] Volume Callback - Master Volume changed to: 0.70 (Muted: NO)
[2026-06-16 18:35:54.902] Volume Callback - Master Volume changed to: 0.72 (Muted: NO)
[2026-06-16 18:35:54.924] Volume Callback - Master Volume changed to: 0.74 (Muted: NO)
[2026-06-16 18:35:54.949] Volume Callback - Master Volume changed to: 0.76 (Muted: NO)
[2026-06-16 18:35:54.959] Volume Callback - Master Volume changed to: 0.78 (Muted: NO)
[2026-06-16 18:35:54.993] Volume Callback - Master Volume changed to: 0.80 (Muted: NO)
[2026-06-16 18:35:55.030] Volume Callback - Master Volume changed to: 0.82 (Muted: NO)
[2026-06-16 18:35:55.061] Volume Callback - Master Volume changed to: 0.84 (Muted: NO)
[2026-06-16 18:35:55.088] Volume Callback - Master Volume changed to: 0.86 (Muted: NO)
[2026-06-16 18:35:55.100] Volume Callback - Master Volume changed to: 0.88 (Muted: NO)
[2026-06-16 18:35:55.117] Volume Callback - Master Volume changed to: 0.90 (Muted: NO)
[2026-06-16 18:35:55.169] Volume Callback - Master Volume changed to: 0.92 (Muted: NO)
[2026-06-16 18:35:55.188] Volume Callback - Master Volume changed to: 0.94 (Muted: NO)
[2026-06-16 18:35:55.214] Volume Callback - Master Volume changed to: 0.96 (Muted: NO)
[2026-06-16 18:35:55.239] Volume Callback - Master Volume changed to: 0.98 (Muted: NO)
[2026-06-16 18:35:55.257] Volume Callback - Master Volume changed to: 1.00 (Muted: NO)
[2026-06-16 18:36:03.589] Volume Callback - Master Volume changed to: 0.98 (Muted: NO)
[2026-06-16 18:36:03.599] Volume Callback - Master Volume changed to: 0.96 (Muted: NO)
[2026-06-16 18:36:03.620] Volume Callback - Master Volume changed to: 0.94 (Muted: NO)
[2026-06-16 18:36:03.644] Volume Callback - Master Volume changed to: 0.92 (Muted: NO)
[2026-06-16 18:36:03.680] Volume Callback - Master Volume changed to: 0.90 (Muted: NO)
[2026-06-16 18:36:03.690] Volume Callback - Master Volume changed to: 0.88 (Muted: NO)
[2026-06-16 18:36:03.714] Volume Callback - Master Volume changed to: 0.86 (Muted: NO)
[2026-06-16 18:36:03.728] Volume Callback - Master Volume changed to: 0.84 (Muted: NO)
[2026-06-16 18:36:03.757] Volume Callback - Master Volume changed to: 0.82 (Muted: NO)
[2026-06-16 18:36:03.784] Volume Callback - Master Volume changed to: 0.80 (Muted: NO)
[2026-06-16 18:36:03.815] Volume Callback - Master Volume changed to: 0.78 (Muted: NO)
[2026-06-16 18:36:03.853] Volume Callback - Master Volume changed to: 0.76 (Muted: NO)
[2026-06-16 18:36:03.968] Volume Callback - Master Volume changed to: 0.78 (Muted: NO)
[2026-06-16 18:36:03.984] Volume Callback - Master Volume changed to: 0.80 (Muted: NO)
[2026-06-16 18:36:04.008] Volume Callback - Master Volume changed to: 0.82 (Muted: NO)
[2026-06-16 18:36:04.041] Volume Callback - Master Volume changed to: 0.84 (Muted: NO)
[2026-06-16 18:36:04.052] Volume Callback - Master Volume changed to: 0.86 (Muted: NO)
[2026-06-16 18:36:04.076] Volume Callback - Master Volume changed to: 0.88 (Muted: NO)
[2026-06-16 18:36:04.107] Volume Callback - Master Volume changed to: 0.90 (Muted: NO)
[2026-06-16 18:36:04.131] Volume Callback - Master Volume changed to: 0.92 (Muted: NO)
[2026-06-16 18:36:04.144] Volume Callback - Master Volume changed to: 0.94 (Muted: NO)
[2026-06-16 18:36:04.168] Volume Callback - Master Volume changed to: 0.96 (Muted: NO)
[2026-06-16 18:36:04.190] Volume Callback - Master Volume changed to: 0.98 (Muted: NO)
[2026-06-16 18:36:04.212] Volume Callback - Master Volume changed to: 1.00 (Muted: NO)
[2026-06-16 18:36:08.696] Volume Callback - Master Volume changed to: 0.98 (Muted: NO)
[2026-06-16 18:36:08.717] Volume Callback - Master Volume changed to: 0.96 (Muted: NO)
[2026-06-16 18:36:08.740] Volume Callback - Master Volume changed to: 0.94 (Muted: NO)
[2026-06-16 18:36:08.764] Volume Callback - Master Volume changed to: 0.92 (Muted: NO)
[2026-06-16 18:36:08.928] Volume Callback - Master Volume changed to: 0.90 (Muted: NO)
[2026-06-16 18:36:08.985] Volume Callback - Master Volume changed to: 0.88 (Muted: NO)
[2026-06-16 18:36:09.030] Volume Callback - Master Volume changed to: 0.86 (Muted: NO)
[2026-06-16 18:36:09.057] Volume Callback - Master Volume changed to: 0.84 (Muted: NO)
[2026-06-16 18:36:09.085] Volume Callback - Master Volume changed to: 0.82 (Muted: NO)
[2026-06-16 18:36:09.115] Volume Callback - Master Volume changed to: 0.80 (Muted: NO)
[2026-06-16 18:36:09.160] Volume Callback - Master Volume changed to: 0.78 (Muted: NO)
[2026-06-16 18:36:09.245] Volume Callback - Master Volume changed to: 0.80 (Muted: NO)
[2026-06-16 18:36:09.261] Volume Callback - Master Volume changed to: 0.82 (Muted: NO)
[2026-06-16 18:36:09.296] Volume Callback - Master Volume changed to: 0.84 (Muted: NO)
[2026-06-16 18:36:09.334] Volume Callback - Master Volume changed to: 0.86 (Muted: NO)
[2026-06-16 18:36:09.353] Volume Callback - Master Volume changed to: 0.88 (Muted: NO)
[2026-06-16 18:36:09.370] Volume Callback - Master Volume changed to: 0.90 (Muted: NO)
[2026-06-16 18:36:09.399] Volume Callback - Master Volume changed to: 0.92 (Muted: NO)
[2026-06-16 18:36:09.421] Volume Callback - Master Volume changed to: 0.94 (Muted: NO)
[2026-06-16 18:36:09.471] Volume Callback - Master Volume changed to: 0.96 (Muted: NO)
[2026-06-16 18:36:09.591] Volume Callback - Master Volume changed to: 0.98 (Muted: NO)
[2026-06-16 18:36:09.655] Volume Callback - Master Volume changed to: 1.00 (Muted: NO)
[2026-06-16 18:36:09.936] Volume Callback - Master Volume changed to: 0.98 (Muted: NO)
[2026-06-16 18:36:09.969] Volume Callback - Master Volume changed to: 0.96 (Muted: NO)
[2026-06-16 18:36:09.980] Volume Callback - Master Volume changed to: 0.94 (Muted: NO)
[2026-06-16 18:36:10.021] Volume Callback - Master Volume changed to: 0.92 (Muted: NO)
[2026-06-16 18:36:10.047] Volume Callback - Master Volume changed to: 0.90 (Muted: NO)
[2026-06-16 18:36:10.064] Volume Callback - Master Volume changed to: 0.88 (Muted: NO)
[2026-06-16 18:36:10.073] Volume Callback - Master Volume changed to: 0.86 (Muted: NO)
[2026-06-16 18:36:10.096] Volume Callback - Master Volume changed to: 0.84 (Muted: NO)
[2026-06-16 18:36:10.121] Volume Callback - Master Volume changed to: 0.82 (Muted: NO)
[2026-06-16 18:36:10.142] Volume Callback - Master Volume changed to: 0.80 (Muted: NO)
[2026-06-16 18:36:10.169] Volume Callback - Master Volume changed to: 0.78 (Muted: NO)
[2026-06-16 18:36:10.217] Volume Callback - Master Volume changed to: 0.76 (Muted: NO)
[2026-06-16 18:36:10.261] Volume Callback - Master Volume changed to: 0.74 (Muted: NO)
[2026-06-16 18:36:10.309] Volume Callback - Master Volume changed to: 0.72 (Muted: NO)
[2026-06-16 18:36:10.329] Volume Callback - Master Volume changed to: 0.70 (Muted: NO)
[2026-06-16 18:36:10.356] Volume Callback - Master Volume changed to: 0.68 (Muted: NO)
[2026-06-16 18:36:10.373] Volume Callback - Master Volume changed to: 0.66 (Muted: NO)
[2026-06-16 18:36:10.391] Volume Callback - Master Volume changed to: 0.64 (Muted: NO)
[2026-06-16 18:36:10.407] Volume Callback - Master Volume changed to: 0.62 (Muted: NO)
[2026-06-16 18:36:10.448] Volume Callback - Master Volume changed to: 0.60 (Muted: NO)
[2026-06-16 18:36:10.470] Volume Callback - Master Volume changed to: 0.58 (Muted: NO)
[2026-06-16 18:36:10.487] Volume Callback - Master Volume changed to: 0.56 (Muted: NO)
[2026-06-16 18:36:10.516] Volume Callback - Master Volume changed to: 0.54 (Muted: NO)
[2026-06-16 18:36:10.539] Volume Callback - Master Volume changed to: 0.52 (Muted: NO)
[2026-06-16 18:36:10.566] Volume Callback - Master Volume changed to: 0.50 (Muted: NO)
[2026-06-16 18:36:10.590] Volume Callback - Master Volume changed to: 0.48 (Muted: NO)
[2026-06-16 18:36:10.613] Volume Callback - Master Volume changed to: 0.46 (Muted: NO)
[2026-06-16 18:36:10.635] Volume Callback - Master Volume changed to: 0.44 (Muted: NO)
[2026-06-16 18:36:10.658] Volume Callback - Master Volume changed to: 0.42 (Muted: NO)
[2026-06-16 18:36:10.693] Volume Callback - Master Volume changed to: 0.40 (Muted: NO)
[2026-06-16 18:36:10.734] Volume Callback - Master Volume changed to: 0.38 (Muted: NO)
[2026-06-16 18:36:10.947] Volume Callback - Master Volume changed to: 0.40 (Muted: NO)
[2026-06-16 18:36:10.976] Volume Callback - Master Volume changed to: 0.42 (Muted: NO)
[2026-06-16 18:36:10.997] Volume Callback - Master Volume changed to: 0.44 (Muted: NO)
[2026-06-16 18:36:11.043] Volume Callback - Master Volume changed to: 0.46 (Muted: NO)
[2026-06-16 18:36:11.438] Volume Callback - Master Volume changed to: 0.48 (Muted: NO)
[2026-06-16 18:36:11.447] Volume Callback - Master Volume changed to: 0.50 (Muted: NO)
[2026-06-16 18:36:11.493] Volume Callback - Master Volume changed to: 0.52 (Muted: NO)
[2026-06-16 18:36:11.547] Volume Callback - Master Volume changed to: 0.54 (Muted: NO)
[2026-06-16 18:36:11.558] Volume Callback - Master Volume changed to: 0.56 (Muted: NO)
[2026-06-16 18:36:11.593] Volume Callback - Master Volume changed to: 0.58 (Muted: NO)
[2026-06-16 18:36:11.641] Volume Callback - Master Volume changed to: 0.60 (Muted: NO)
[2026-06-16 18:36:11.650] Volume Callback - Master Volume changed to: 0.62 (Muted: NO)
[2026-06-16 18:36:11.696] Volume Callback - Master Volume changed to: 0.64 (Muted: NO)
[2026-06-16 18:36:11.724] Volume Callback - Master Volume changed to: 0.66 (Muted: NO)
[2026-06-16 18:36:11.747] Volume Callback - Master Volume changed to: 0.68 (Muted: NO)
[2026-06-16 18:36:11.768] Volume Callback - Master Volume changed to: 0.70 (Muted: NO)
[2026-06-16 18:36:11.787] Volume Callback - Master Volume changed to: 0.72 (Muted: NO)
[2026-06-16 18:36:11.813] Volume Callback - Master Volume changed to: 0.74 (Muted: NO)
[2026-06-16 18:36:11.833] Volume Callback - Master Volume changed to: 0.76 (Muted: NO)
[2026-06-16 18:36:11.847] Volume Callback - Master Volume changed to: 0.78 (Muted: NO)
[2026-06-16 18:36:11.876] Volume Callback - Master Volume changed to: 0.80 (Muted: NO)
[2026-06-16 18:36:11.904] Volume Callback - Master Volume changed to: 0.82 (Muted: NO)
[2026-06-16 18:36:11.933] Volume Callback - Master Volume changed to: 0.84 (Muted: NO)
[2026-06-16 18:36:11.962] Volume Callback - Master Volume changed to: 0.86 (Muted: NO)
[2026-06-16 18:36:11.986] Volume Callback - Master Volume changed to: 0.88 (Muted: NO)
[2026-06-16 18:36:12.014] Volume Callback - Master Volume changed to: 0.90 (Muted: NO)
[2026-06-16 18:36:12.037] Volume Callback - Master Volume changed to: 0.92 (Muted: NO)
[2026-06-16 18:36:12.059] Volume Callback - Master Volume changed to: 0.94 (Muted: NO)
[2026-06-16 18:36:12.082] Volume Callback - Master Volume changed to: 0.96 (Muted: NO)
[2026-06-16 18:36:12.111] Volume Callback - Master Volume changed to: 0.98 (Muted: NO)
[2026-06-16 18:36:12.134] Volume Callback - Master Volume changed to: 1.00 (Muted: NO)
[2026-06-16 18:36:12.399] Volume Callback - Master Volume changed to: 0.98 (Muted: NO)
[2026-06-16 18:36:12.421] Volume Callback - Master Volume changed to: 0.96 (Muted: NO)
[2026-06-16 18:36:12.445] Volume Callback - Master Volume changed to: 0.94 (Muted: NO)
[2026-06-16 18:36:12.455] Volume Callback - Master Volume changed to: 0.92 (Muted: NO)
[2026-06-16 18:36:12.503] Volume Callback - Master Volume changed to: 0.90 (Muted: NO)
[2026-06-16 18:36:12.513] Volume Callback - Master Volume changed to: 0.88 (Muted: NO)
[2026-06-16 18:36:12.535] Volume Callback - Master Volume changed to: 0.86 (Muted: NO)
[2026-06-16 18:36:12.564] Volume Callback - Master Volume changed to: 0.84 (Muted: NO)
[2026-06-16 18:36:12.580] Volume Callback - Master Volume changed to: 0.82 (Muted: NO)
[2026-06-16 18:36:12.611] Volume Callback - Master Volume changed to: 0.80 (Muted: NO)
[2026-06-16 18:36:12.637] Volume Callback - Master Volume changed to: 0.78 (Muted: NO)
[2026-06-16 18:36:12.662] Volume Callback - Master Volume changed to: 0.76 (Muted: NO)
[2026-06-16 18:36:12.682] Volume Callback - Master Volume changed to: 0.74 (Muted: NO)
[2026-06-16 18:36:12.706] Volume Callback - Master Volume changed to: 0.72 (Muted: NO)
[2026-06-16 18:36:12.723] Volume Callback - Master Volume changed to: 0.70 (Muted: NO)
[2026-06-16 18:36:12.759] Volume Callback - Master Volume changed to: 0.68 (Muted: NO)
[2026-06-16 18:36:12.784] Volume Callback - Master Volume changed to: 0.66 (Muted: NO)
[2026-06-16 18:36:12.802] Volume Callback - Master Volume changed to: 0.64 (Muted: NO)
[2026-06-16 18:36:12.900] Volume Callback - Master Volume changed to: 0.62 (Muted: NO)
[2026-06-16 18:36:12.908] Volume Callback - Master Volume changed to: 0.60 (Muted: NO)
[2026-06-16 18:36:12.916] Volume Callback - Master Volume changed to: 0.58 (Muted: NO)
[2026-06-16 18:36:12.941] Volume Callback - Master Volume changed to: 0.56 (Muted: NO)
[2026-06-16 18:36:12.967] Volume Callback - Master Volume changed to: 0.54 (Muted: NO)
[2026-06-16 18:36:13.034] Volume Callback - Master Volume changed to: 0.52 (Muted: NO)
[2026-06-16 18:36:13.043] Volume Callback - Master Volume changed to: 0.50 (Muted: NO)
[2026-06-16 18:36:13.064] Volume Callback - Master Volume changed to: 0.48 (Muted: NO)
[2026-06-16 18:36:13.089] Volume Callback - Master Volume changed to: 0.46 (Muted: NO)
[2026-06-16 18:36:13.099] Volume Callback - Master Volume changed to: 0.44 (Muted: NO)
[2026-06-16 18:36:13.123] Volume Callback - Master Volume changed to: 0.42 (Muted: NO)
[2026-06-16 18:36:13.143] Volume Callback - Master Volume changed to: 0.40 (Muted: NO)
[2026-06-16 18:36:13.176] Volume Callback - Master Volume changed to: 0.38 (Muted: NO)
[2026-06-16 18:36:13.573] Volume Callback - Master Volume changed to: 0.40 (Muted: NO)
[2026-06-16 18:36:13.595] Volume Callback - Master Volume changed to: 0.42 (Muted: NO)
[2026-06-16 18:36:13.615] Volume Callback - Master Volume changed to: 0.44 (Muted: NO)
[2026-06-16 18:36:13.638] Volume Callback - Master Volume changed to: 0.46 (Muted: NO)
[2026-06-16 18:36:13.653] Volume Callback - Master Volume changed to: 0.48 (Muted: NO)
[2026-06-16 18:36:13.674] Volume Callback - Master Volume changed to: 0.50 (Muted: NO)
[2026-06-16 18:36:13.697] Volume Callback - Master Volume changed to: 0.52 (Muted: NO)
[2026-06-16 18:36:13.737] Volume Callback - Master Volume changed to: 0.54 (Muted: NO)
[2026-06-16 18:36:13.784] Volume Callback - Master Volume changed to: 0.56 (Muted: NO)
[2026-06-16 18:36:13.801] Volume Callback - Master Volume changed to: 0.58 (Muted: NO)
[2026-06-16 18:36:13.843] Volume Callback - Master Volume changed to: 0.60 (Muted: NO)
[2026-06-16 18:36:13.862] Volume Callback - Master Volume changed to: 0.62 (Muted: NO)
[2026-06-16 18:36:13.976] Volume Callback - Master Volume changed to: 0.64 (Muted: NO)
[2026-06-16 18:36:13.999] Volume Callback - Master Volume changed to: 0.66 (Muted: NO)
[2026-06-16 18:36:14.016] Volume Callback - Master Volume changed to: 0.68 (Muted: NO)
[2026-06-16 18:36:14.032] Volume Callback - Master Volume changed to: 0.70 (Muted: NO)
[2026-06-16 18:36:14.059] Volume Callback - Master Volume changed to: 0.72 (Muted: NO)
[2026-06-16 18:36:14.070] Volume Callback - Master Volume changed to: 0.74 (Muted: NO)
[2026-06-16 18:36:14.091] Volume Callback - Master Volume changed to: 0.76 (Muted: NO)
[2026-06-16 18:36:14.107] Volume Callback - Master Volume changed to: 0.78 (Muted: NO)
[2026-06-16 18:36:14.135] Volume Callback - Master Volume changed to: 0.80 (Muted: NO)
[2026-06-16 18:36:14.157] Volume Callback - Master Volume changed to: 0.82 (Muted: NO)
[2026-06-16 18:36:14.181] Volume Callback - Master Volume changed to: 0.84 (Muted: NO)
[2026-06-16 18:36:14.202] Volume Callback - Master Volume changed to: 0.86 (Muted: NO)
[2026-06-16 18:36:14.237] Volume Callback - Master Volume changed to: 0.88 (Muted: NO)
[2026-06-16 18:36:14.273] Volume Callback - Master Volume changed to: 0.90 (Muted: NO)
[2026-06-16 18:36:14.293] Volume Callback - Master Volume changed to: 0.92 (Muted: NO)
[2026-06-16 18:36:14.322] Volume Callback - Master Volume changed to: 0.94 (Muted: NO)
[2026-06-16 18:36:14.344] Volume Callback - Master Volume changed to: 0.96 (Muted: NO)
[2026-06-16 18:36:14.372] Volume Callback - Master Volume changed to: 0.98 (Muted: NO)
[2026-06-16 18:36:14.385] Volume Callback - Master Volume changed to: 1.00 (Muted: NO)
[2026-06-16 18:36:24.466] Volume Callback - Master Volume changed to: 0.98 (Muted: NO)
[2026-06-16 18:36:24.505] Volume Callback - Master Volume changed to: 0.96 (Muted: NO)
[2026-06-16 18:36:24.528] Volume Callback - Master Volume changed to: 0.94 (Muted: NO)
[2026-06-16 18:36:24.555] Volume Callback - Master Volume changed to: 0.92 (Muted: NO)
[2026-06-16 18:36:24.583] Volume Callback - Master Volume changed to: 0.90 (Muted: NO)
[2026-06-16 18:36:24.606] Volume Callback - Master Volume changed to: 0.88 (Muted: NO)
[2026-06-16 18:36:24.631] Volume Callback - Master Volume changed to: 0.86 (Muted: NO)
[2026-06-16 18:36:24.647] Volume Callback - Master Volume changed to: 0.84 (Muted: NO)
[2026-06-16 18:36:24.671] Volume Callback - Master Volume changed to: 0.82 (Muted: NO)
[2026-06-16 18:36:24.686] Volume Callback - Master Volume changed to: 0.80 (Muted: NO)
[2026-06-16 18:36:24.703] Volume Callback - Master Volume changed to: 0.78 (Muted: NO)
[2026-06-16 18:36:24.728] Volume Callback - Master Volume changed to: 0.76 (Muted: NO)
[2026-06-16 18:36:24.749] Volume Callback - Master Volume changed to: 0.74 (Muted: NO)
[2026-06-16 18:36:24.789] Volume Callback - Master Volume changed to: 0.72 (Muted: NO)
[2026-06-16 18:36:24.816] Volume Callback - Master Volume changed to: 0.70 (Muted: NO)
[2026-06-16 18:36:24.850] Volume Callback - Master Volume changed to: 0.68 (Muted: NO)
[2026-06-16 18:36:24.874] Volume Callback - Master Volume changed to: 0.66 (Muted: NO)
[2026-06-16 18:36:24.896] Volume Callback - Master Volume changed to: 0.64 (Muted: NO)
[2026-06-16 18:36:24.914] Volume Callback - Master Volume changed to: 0.62 (Muted: NO)
[2026-06-16 18:36:24.942] Volume Callback - Master Volume changed to: 0.60 (Muted: NO)
[2026-06-16 18:36:24.964] Volume Callback - Master Volume changed to: 0.58 (Muted: NO)
[2026-06-16 18:36:25.094] Volume Callback - Master Volume changed to: 0.60 (Muted: NO)
[2026-06-16 18:36:25.130] Volume Callback - Master Volume changed to: 0.62 (Muted: NO)
[2026-06-16 18:36:25.154] Volume Callback - Master Volume changed to: 0.64 (Muted: NO)
[2026-06-16 18:36:25.164] Volume Callback - Master Volume changed to: 0.66 (Muted: NO)
[2026-06-16 18:36:25.188] Volume Callback - Master Volume changed to: 0.68 (Muted: NO)
[2026-06-16 18:36:25.209] Volume Callback - Master Volume changed to: 0.70 (Muted: NO)
[2026-06-16 18:36:25.234] Volume Callback - Master Volume changed to: 0.72 (Muted: NO)
[2026-06-16 18:36:25.249] Volume Callback - Master Volume changed to: 0.74 (Muted: NO)
[2026-06-16 18:36:25.272] Volume Callback - Master Volume changed to: 0.76 (Muted: NO)
[2026-06-16 18:36:25.294] Volume Callback - Master Volume changed to: 0.78 (Muted: NO)
[2026-06-16 18:36:25.318] Volume Callback - Master Volume changed to: 0.80 (Muted: NO)
[2026-06-16 18:36:25.340] Volume Callback - Master Volume changed to: 0.82 (Muted: NO)
[2026-06-16 18:36:25.361] Volume Callback - Master Volume changed to: 0.84 (Muted: NO)
[2026-06-16 18:36:25.379] Volume Callback - Master Volume changed to: 0.86 (Muted: NO)
[2026-06-16 18:36:25.403] Volume Callback - Master Volume changed to: 0.88 (Muted: NO)
[2026-06-16 18:36:25.424] Volume Callback - Master Volume changed to: 0.90 (Muted: NO)
[2026-06-16 18:36:25.459] Volume Callback - Master Volume changed to: 0.92 (Muted: NO)
[2026-06-16 18:36:25.482] Volume Callback - Master Volume changed to: 0.94 (Muted: NO)
[2026-06-16 18:36:25.516] Volume Callback - Master Volume changed to: 0.96 (Muted: NO)
[2026-06-16 18:36:25.536] Volume Callback - Master Volume changed to: 0.98 (Muted: NO)
[2026-06-16 18:36:25.549] Volume Callback - Master Volume changed to: 1.00 (Muted: NO)
[2026-06-16 18:36:38.009] Volume Callback - Master Volume changed to: 0.98 (Muted: NO)
[2026-06-16 18:36:38.019] Volume Callback - Master Volume changed to: 0.96 (Muted: NO)
[2026-06-16 18:36:38.050] Volume Callback - Master Volume changed to: 0.94 (Muted: NO)
[2026-06-16 18:36:38.067] Volume Callback - Master Volume changed to: 0.92 (Muted: NO)
[2026-06-16 18:36:38.076] Volume Callback - Master Volume changed to: 0.90 (Muted: NO)
[2026-06-16 18:36:38.101] Volume Callback - Master Volume changed to: 0.88 (Muted: NO)
[2026-06-16 18:36:38.112] Volume Callback - Master Volume changed to: 0.86 (Muted: NO)
[2026-06-16 18:36:38.144] Volume Callback - Master Volume changed to: 0.84 (Muted: NO)
[2026-06-16 18:36:38.163] Volume Callback - Master Volume changed to: 0.82 (Muted: NO)
[2026-06-16 18:36:38.179] Volume Callback - Master Volume changed to: 0.80 (Muted: NO)
[2026-06-16 18:36:38.201] Volume Callback - Master Volume changed to: 0.78 (Muted: NO)
[2026-06-16 18:36:38.226] Volume Callback - Master Volume changed to: 0.76 (Muted: NO)
[2026-06-16 18:36:38.242] Volume Callback - Master Volume changed to: 0.74 (Muted: NO)
[2026-06-16 18:36:38.501] Volume Callback - Master Volume changed to: 0.76 (Muted: NO)
[2026-06-16 18:36:38.535] Volume Callback - Master Volume changed to: 0.78 (Muted: NO)
[2026-06-16 18:36:38.552] Volume Callback - Master Volume changed to: 0.80 (Muted: NO)
[2026-06-16 18:36:38.567] Volume Callback - Master Volume changed to: 0.82 (Muted: NO)
[2026-06-16 18:36:38.599] Volume Callback - Master Volume changed to: 0.84 (Muted: NO)
[2026-06-16 18:36:38.631] Volume Callback - Master Volume changed to: 0.86 (Muted: NO)
[2026-06-16 18:36:38.815] Volume Callback - Master Volume changed to: 0.88 (Muted: NO)
[2026-06-16 18:36:38.849] Volume Callback - Master Volume changed to: 0.90 (Muted: NO)
[2026-06-16 18:36:38.870] Volume Callback - Master Volume changed to: 0.92 (Muted: NO)
[2026-06-16 18:36:38.889] Volume Callback - Master Volume changed to: 0.94 (Muted: NO)
[2026-06-16 18:36:38.918] Volume Callback - Master Volume changed to: 0.96 (Muted: NO)
[2026-06-16 18:36:38.939] Volume Callback - Master Volume changed to: 0.98 (Muted: NO)
[2026-06-16 18:36:39.097] Volume Callback - Master Volume changed to: 1.00 (Muted: NO)
[2026-06-16 18:37:10.104] Volume Callback - Master Volume changed to: 0.98 (Muted: NO)
[2026-06-16 18:37:10.128] Volume Callback - Master Volume changed to: 0.96 (Muted: NO)
[2026-06-16 18:37:10.138] Volume Callback - Master Volume changed to: 0.94 (Muted: NO)
[2026-06-16 18:37:10.162] Volume Callback - Master Volume changed to: 0.92 (Muted: NO)
[2026-06-16 18:37:10.184] Volume Callback - Master Volume changed to: 0.90 (Muted: NO)
[2026-06-16 18:37:10.410] Volume Callback - Master Volume changed to: 0.88 (Muted: NO)
[2026-06-16 18:37:10.494] Volume Callback - Master Volume changed to: 0.86 (Muted: NO)
[2026-06-16 18:37:10.503] Volume Callback - Master Volume changed to: 0.84 (Muted: NO)
[2026-06-16 18:37:10.523] Volume Callback - Master Volume changed to: 0.82 (Muted: NO)
[2026-06-16 18:37:10.547] Volume Callback - Master Volume changed to: 0.80 (Muted: NO)
[2026-06-16 18:37:10.583] Volume Callback - Master Volume changed to: 0.78 (Muted: NO)
[2026-06-16 18:37:10.616] Volume Callback - Master Volume changed to: 0.76 (Muted: NO)
[2026-06-16 18:37:10.639] Volume Callback - Master Volume changed to: 0.74 (Muted: NO)
[2026-06-16 18:37:10.652] Volume Callback - Master Volume changed to: 0.72 (Muted: NO)
[2026-06-16 18:37:10.662] Volume Callback - Master Volume changed to: 0.70 (Muted: NO)
[2026-06-16 18:37:10.690] Volume Callback - Master Volume changed to: 0.68 (Muted: NO)
[2026-06-16 18:37:10.762] Volume Callback - Master Volume changed to: 0.70 (Muted: NO)
[2026-06-16 18:37:10.799] Volume Callback - Master Volume changed to: 0.72 (Muted: NO)
[2026-06-16 18:37:10.814] Volume Callback - Master Volume changed to: 0.74 (Muted: NO)
[2026-06-16 18:37:10.837] Volume Callback - Master Volume changed to: 0.76 (Muted: NO)
[2026-06-16 18:37:10.846] Volume Callback - Master Volume changed to: 0.78 (Muted: NO)
[2026-06-16 18:37:10.871] Volume Callback - Master Volume changed to: 0.80 (Muted: NO)
[2026-06-16 18:37:10.880] Volume Callback - Master Volume changed to: 0.82 (Muted: NO)
[2026-06-16 18:37:10.904] Volume Callback - Master Volume changed to: 0.84 (Muted: NO)
[2026-06-16 18:37:10.926] Volume Callback - Master Volume changed to: 0.86 (Muted: NO)
[2026-06-16 18:37:10.943] Volume Callback - Master Volume changed to: 0.88 (Muted: NO)
[2026-06-16 18:37:10.973] Volume Callback - Master Volume changed to: 0.90 (Muted: NO)
[2026-06-16 18:37:10.996] Volume Callback - Master Volume changed to: 0.92 (Muted: NO)
[2026-06-16 18:37:11.046] Volume Callback - Master Volume changed to: 0.94 (Muted: NO)
[2026-06-16 18:37:11.227] Volume Callback - Master Volume changed to: 0.96 (Muted: NO)
[2026-06-16 18:37:11.250] Volume Callback - Master Volume changed to: 0.98 (Muted: NO)
[2026-06-16 18:37:11.261] Volume Callback - Master Volume changed to: 1.00 (Muted: NO)
[2026-06-16 18:37:59.464] Volume Callback - Master Volume changed to: 0.98 (Muted: NO)
[2026-06-16 18:37:59.479] Volume Callback - Master Volume changed to: 0.96 (Muted: NO)
[2026-06-16 18:37:59.519] Volume Callback - Master Volume changed to: 0.94 (Muted: NO)
[2026-06-16 18:37:59.547] Volume Callback - Master Volume changed to: 0.92 (Muted: NO)
[2026-06-16 18:37:59.571] Volume Callback - Master Volume changed to: 0.90 (Muted: NO)
[2026-06-16 18:37:59.582] Volume Callback - Master Volume changed to: 0.88 (Muted: NO)
[2026-06-16 18:37:59.609] Volume Callback - Master Volume changed to: 0.86 (Muted: NO)
[2026-06-16 18:37:59.626] Volume Callback - Master Volume changed to: 0.84 (Muted: NO)
[2026-06-16 18:37:59.654] Volume Callback - Master Volume changed to: 0.82 (Muted: NO)
[2026-06-16 18:37:59.701] Volume Callback - Master Volume changed to: 0.80 (Muted: NO)
[2026-06-16 18:37:59.712] Volume Callback - Master Volume changed to: 0.78 (Muted: NO)
[2026-06-16 18:37:59.736] Volume Callback - Master Volume changed to: 0.76 (Muted: NO)
[2026-06-16 18:37:59.747] Volume Callback - Master Volume changed to: 0.74 (Muted: NO)
[2026-06-16 18:38:00.039] Volume Callback - Master Volume changed to: 0.72 (Muted: NO)
[2026-06-16 18:38:00.069] Volume Callback - Master Volume changed to: 0.70 (Muted: NO)
[2026-06-16 18:38:00.091] Volume Callback - Master Volume changed to: 0.68 (Muted: NO)
[2026-06-16 18:38:00.114] Volume Callback - Master Volume changed to: 0.66 (Muted: NO)
[2026-06-16 18:38:00.136] Volume Callback - Master Volume changed to: 0.64 (Muted: NO)
[2026-06-16 18:38:00.159] Volume Callback - Master Volume changed to: 0.62 (Muted: NO)
[2026-06-16 18:38:00.182] Volume Callback - Master Volume changed to: 0.60 (Muted: NO)
[2026-06-16 18:38:00.200] Volume Callback - Master Volume changed to: 0.58 (Muted: NO)
[2026-06-16 18:38:00.217] Volume Callback - Master Volume changed to: 0.56 (Muted: NO)
[2026-06-16 18:38:00.239] Volume Callback - Master Volume changed to: 0.54 (Muted: NO)
[2026-06-16 18:38:00.261] Volume Callback - Master Volume changed to: 0.52 (Muted: NO)
[2026-06-16 18:38:00.284] Volume Callback - Master Volume changed to: 0.50 (Muted: NO)
[2026-06-16 18:38:00.308] Volume Callback - Master Volume changed to: 0.48 (Muted: NO)
[2026-06-16 18:38:00.415] Volume Callback - Master Volume changed to: 0.50 (Muted: NO)
[2026-06-16 18:38:00.443] Volume Callback - Master Volume changed to: 0.52 (Muted: NO)
[2026-06-16 18:38:00.461] Volume Callback - Master Volume changed to: 0.54 (Muted: NO)
[2026-06-16 18:38:00.484] Volume Callback - Master Volume changed to: 0.56 (Muted: NO)
[2026-06-16 18:38:00.495] Volume Callback - Master Volume changed to: 0.58 (Muted: NO)
[2026-06-16 18:38:00.520] Volume Callback - Master Volume changed to: 0.60 (Muted: NO)
[2026-06-16 18:38:00.534] Volume Callback - Master Volume changed to: 0.62 (Muted: NO)
[2026-06-16 18:38:00.550] Volume Callback - Master Volume changed to: 0.64 (Muted: NO)
[2026-06-16 18:38:00.575] Volume Callback - Master Volume changed to: 0.66 (Muted: NO)
[2026-06-16 18:38:00.587] Volume Callback - Master Volume changed to: 0.68 (Muted: NO)
[2026-06-16 18:38:00.611] Volume Callback - Master Volume changed to: 0.70 (Muted: NO)
[2026-06-16 18:38:00.622] Volume Callback - Master Volume changed to: 0.72 (Muted: NO)
[2026-06-16 18:38:00.648] Volume Callback - Master Volume changed to: 0.74 (Muted: NO)
[2026-06-16 18:38:00.664] Volume Callback - Master Volume changed to: 0.76 (Muted: NO)
[2026-06-16 18:38:00.685] Volume Callback - Master Volume changed to: 0.78 (Muted: NO)
[2026-06-16 18:38:00.697] Volume Callback - Master Volume changed to: 0.80 (Muted: NO)
[2026-06-16 18:38:00.711] Volume Callback - Master Volume changed to: 0.82 (Muted: NO)
[2026-06-16 18:38:00.733] Volume Callback - Master Volume changed to: 0.84 (Muted: NO)
[2026-06-16 18:38:00.761] Volume Callback - Master Volume changed to: 0.86 (Muted: NO)
[2026-06-16 18:38:00.782] Volume Callback - Master Volume changed to: 0.88 (Muted: NO)
[2026-06-16 18:38:00.810] Volume Callback - Master Volume changed to: 0.90 (Muted: NO)
[2026-06-16 18:38:00.830] Volume Callback - Master Volume changed to: 0.92 (Muted: NO)
[2026-06-16 18:38:00.847] Volume Callback - Master Volume changed to: 0.94 (Muted: NO)
[2026-06-16 18:38:00.870] Volume Callback - Master Volume changed to: 0.96 (Muted: NO)
[2026-06-16 18:38:00.888] Volume Callback - Master Volume changed to: 0.98 (Muted: NO)
[2026-06-16 18:38:00.921] Volume Callback - Master Volume changed to: 1.00 (Muted: NO)
[2026-06-16 18:38:01.397] Volume Callback - Master Volume changed to: 0.98 (Muted: NO)
[2026-06-16 18:38:01.414] Volume Callback - Master Volume changed to: 0.96 (Muted: NO)
[2026-06-16 18:38:01.441] Volume Callback - Master Volume changed to: 0.94 (Muted: NO)
[2026-06-16 18:38:01.493] Volume Callback - Master Volume changed to: 0.92 (Muted: NO)
[2026-06-16 18:38:01.547] Volume Callback - Master Volume changed to: 0.90 (Muted: NO)
[2026-06-16 18:38:01.579] Volume Callback - Master Volume changed to: 0.88 (Muted: NO)
[2026-06-16 18:38:01.608] Volume Callback - Master Volume changed to: 0.86 (Muted: NO)
[2026-06-16 18:38:01.636] Volume Callback - Master Volume changed to: 0.84 (Muted: NO)
[2026-06-16 18:38:01.658] Volume Callback - Master Volume changed to: 0.82 (Muted: NO)
[2026-06-16 18:38:01.685] Volume Callback - Master Volume changed to: 0.80 (Muted: NO)
[2026-06-16 18:38:01.709] Volume Callback - Master Volume changed to: 0.78 (Muted: NO)
[2026-06-16 18:38:01.743] Volume Callback - Master Volume changed to: 0.76 (Muted: NO)
[2026-06-16 18:38:01.801] Volume Callback - Master Volume changed to: 0.74 (Muted: NO)
[2026-06-16 18:38:01.958] Volume Callback - Master Volume changed to: 0.76 (Muted: NO)
[2026-06-16 18:38:01.980] Volume Callback - Master Volume changed to: 0.78 (Muted: NO)
[2026-06-16 18:38:02.014] Volume Callback - Master Volume changed to: 0.80 (Muted: NO)
[2026-06-16 18:38:02.028] Volume Callback - Master Volume changed to: 0.82 (Muted: NO)
[2026-06-16 18:38:02.051] Volume Callback - Master Volume changed to: 0.84 (Muted: NO)
[2026-06-16 18:38:02.063] Volume Callback - Master Volume changed to: 0.86 (Muted: NO)
[2026-06-16 18:38:02.084] Volume Callback - Master Volume changed to: 0.88 (Muted: NO)
[2026-06-16 18:38:02.105] Volume Callback - Master Volume changed to: 0.90 (Muted: NO)
[2026-06-16 18:38:02.126] Volume Callback - Master Volume changed to: 0.92 (Muted: NO)
[2026-06-16 18:38:02.141] Volume Callback - Master Volume changed to: 0.94 (Muted: NO)
[2026-06-16 18:38:02.155] Volume Callback - Master Volume changed to: 0.96 (Muted: NO)
[2026-06-16 18:38:02.202] Volume Callback - Master Volume changed to: 0.98 (Muted: NO)
[2026-06-16 18:38:02.299] Volume Callback - Master Volume changed to: 1.00 (Muted: NO)
[2026-06-16 18:38:04.408] Default output device changed notification received. Launching config update thread...
[2026-06-16 18:38:04.426] Default output device changed notification received. Launching config update thread...
[2026-06-16 18:38:04.444] Default device switched away from target device to 'VG27A (NVIDIA High Definition Audio)'. Unhooking and restoring volumes...
[2026-06-16 18:38:04.457] Unhooking volume control...
[2026-06-16 18:38:04.468] [2026-06-16 18:38:07.930] Default output device changed notification received. Launching config update thread...
[2026-06-16 18:38:07.943] Default output device changed notification received. Launching config update thread...
[2026-06-16 18:38:07.959] Target device 'ifi Zen DAC 3 (AMR HD+ USB Audio)' detected. Hooking volume controls...
[2026-06-16 18:38:07.969] Successfully hooked volume. Initial master volume: 1.00 (Muted: NO)
[2026-06-16 18:38:09.151] Volume Callback - Master Volume changed to: 0.98 (Muted: NO)
[2026-06-16 18:38:09.196] Volume Callback - Master Volume changed to: 0.96 (Muted: NO)
[2026-06-16 18:38:09.218] Volume Callback - Master Volume changed to: 0.94 (Muted: NO)
[2026-06-16 18:38:09.253] Volume Callback - Master Volume changed to: 0.92 (Muted: NO)
[2026-06-16 18:38:09.265] Volume Callback - Master Volume changed to: 0.90 (Muted: NO)
[2026-06-16 18:38:09.304] Volume Callback - Master Volume changed to: 0.88 (Muted: NO)
[2026-06-16 18:38:09.387] Volume Callback - Master Volume changed to: 0.86 (Muted: NO)
[2026-06-16 18:38:09.399] Volume Callback - Master Volume changed to: 0.84 (Muted: NO)
[2026-06-16 18:38:09.576] Volume Callback - Master Volume changed to: 0.82 (Muted: NO)
[2026-06-16 18:38:09.583] Volume Callback - Master Volume changed to: 0.80 (Muted: NO)
[2026-06-16 18:38:09.593] Volume Callback - Master Volume changed to: 0.78 (Muted: NO)
[2026-06-16 18:38:09.601] Volume Callback - Master Volume changed to: 0.76 (Muted: NO)
[2026-06-16 18:38:09.610] Volume Callback - Master Volume changed to: 0.74 (Muted: NO)
[2026-06-16 18:38:09.665] Volume Callback - Master Volume changed to: 0.76 (Muted: NO)
[2026-06-16 18:38:09.694] Volume Callback - Master Volume changed to: 0.78 (Muted: NO)
[2026-06-16 18:38:09.718] Volume Callback - Master Volume changed to: 0.80 (Muted: NO)
[2026-06-16 18:38:09.744] Volume Callback - Master Volume changed to: 0.82 (Muted: NO)
[2026-06-16 18:38:09.774] Volume Callback - Master Volume changed to: 0.84 (Muted: NO)
[2026-06-16 18:38:09.795] Volume Callback - Master Volume changed to: 0.86 (Muted: NO)
[2026-06-16 18:38:09.818] Volume Callback - Master Volume changed to: 0.88 (Muted: NO)
[2026-06-16 18:38:09.842] Volume Callback - Master Volume changed to: 0.90 (Muted: NO)
[2026-06-16 18:38:09.864] Volume Callback - Master Volume changed to: 0.92 (Muted: NO)
[2026-06-16 18:38:09.899] Volume Callback - Master Volume changed to: 0.94 (Muted: NO)
[2026-06-16 18:38:09.922] Volume Callback - Master Volume changed to: 0.96 (Muted: NO)
[2026-06-16 18:38:09.954] Volume Callback - Master Volume changed to: 0.98 (Muted: NO)
[2026-06-16 18:38:09.980] Volume Callback - Master Volume changed to: 1.00 (Muted: NO)
[2026-06-16 18:38:10.309] Volume Callback - Master Volume changed to: 0.98 (Muted: NO)
[2026-06-16 18:38:10.322] Volume Callback - Master Volume changed to: 0.96 (Muted: NO)
[2026-06-16 18:38:10.335] Volume Callback - Master Volume changed to: 0.94 (Muted: NO)
[2026-06-16 18:38:10.357] Volume Callback - Master Volume changed to: 0.92 (Muted: NO)
[2026-06-16 18:38:10.370] Volume Callback - Master Volume changed to: 0.90 (Muted: NO)
[2026-06-16 18:38:10.392] Volume Callback - Master Volume changed to: 0.88 (Muted: NO)
[2026-06-16 18:38:10.415] Volume Callback - Master Volume changed to: 0.86 (Muted: NO)
[2026-06-16 18:38:10.452] Volume Callback - Master Volume changed to: 0.84 (Muted: NO)
[2026-06-16 18:38:10.478] Volume Callback - Master Volume changed to: 0.82 (Muted: NO)
[2026-06-16 18:38:10.496] Volume Callback - Master Volume changed to: 0.80 (Muted: NO)
[2026-06-16 18:38:10.518] Volume Callback - Master Volume changed to: 0.78 (Muted: NO)
[2026-06-16 18:38:10.536] Volume Callback - Master Volume changed to: 0.76 (Muted: NO)
[2026-06-16 18:38:10.552] Volume Callback - Master Volume changed to: 0.74 (Muted: NO)
[2026-06-16 18:38:10.577] Volume Callback - Master Volume changed to: 0.72 (Muted: NO)
[2026-06-16 18:38:10.588] Volume Callback - Master Volume changed to: 0.70 (Muted: NO)
[2026-06-16 18:38:10.609] Volume Callback - Master Volume changed to: 0.68 (Muted: NO)
[2026-06-16 18:38:10.620] Volume Callback - Master Volume changed to: 0.66 (Muted: NO)
[2026-06-16 18:38:10.668] Volume Callback - Master Volume changed to: 0.64 (Muted: NO)
[2026-06-16 18:38:10.679] Volume Callback - Master Volume changed to: 0.62 (Muted: NO)
[2026-06-16 18:38:10.700] Volume Callback - Master Volume changed to: 0.60 (Muted: NO)
[2026-06-16 18:38:10.741] Volume Callback - Master Volume changed to: 0.58 (Muted: NO)
[2026-06-16 18:38:10.854] Volume Callback - Master Volume changed to: 0.60 (Muted: NO)
[2026-06-16 18:38:10.865] Volume Callback - Master Volume changed to: 0.62 (Muted: NO)
[2026-06-16 18:38:10.888] Volume Callback - Master Volume changed to: 0.64 (Muted: NO)
[2026-06-16 18:38:10.899] Volume Callback - Master Volume changed to: 0.66 (Muted: NO)
[2026-06-16 18:38:10.932] Volume Callback - Master Volume changed to: 0.68 (Muted: NO)
[2026-06-16 18:38:10.954] Volume Callback - Master Volume changed to: 0.70 (Muted: NO)
[2026-06-16 18:38:10.979] Volume Callback - Master Volume changed to: 0.72 (Muted: NO)
[2026-06-16 18:38:10.999] Volume Callback - Master Volume changed to: 0.74 (Muted: NO)
[2026-06-16 18:38:11.021] Volume Callback - Master Volume changed to: 0.76 (Muted: NO)
[2026-06-16 18:38:11.058] Volume Callback - Master Volume changed to: 0.78 (Muted: NO)
[2026-06-16 18:38:11.091] Volume Callback - Master Volume changed to: 0.80 (Muted: NO)
[2026-06-16 18:38:11.111] Volume Callback - Master Volume changed to: 0.82 (Muted: NO)
[2026-06-16 18:38:11.137] Volume Callback - Master Volume changed to: 0.84 (Muted: NO)
[2026-06-16 18:38:11.181] Volume Callback - Master Volume changed to: 0.86 (Muted: NO)
[2026-06-16 18:38:11.200] Volume Callback - Master Volume changed to: 0.88 (Muted: NO)
[2026-06-16 18:38:11.232] Volume Callback - Master Volume changed to: 0.90 (Muted: NO)
[2026-06-16 18:38:11.273] Volume Callback - Master Volume changed to: 0.92 (Muted: NO)
[2026-06-16 18:38:11.324] Volume Callback - Master Volume changed to: 0.94 (Muted: NO)
[2026-06-16 18:38:11.363] Volume Callback - Master Volume changed to: 0.96 (Muted: NO)
[2026-06-16 18:38:11.487] Volume Callback - Master Volume changed to: 0.98 (Muted: NO)
[2026-06-16 18:38:11.499] Volume Callback - Master Volume changed to: 1.00 (Muted: NO)
[2026-06-16 18:38:11.875] Volume Callback - Master Volume changed to: 0.98 (Muted: NO)
[2026-06-16 18:38:11.909] Volume Callback - Master Volume changed to: 0.96 (Muted: NO)
[2026-06-16 18:38:11.967] Volume Callback - Master Volume changed to: 0.94 (Muted: NO)
[2026-06-16 18:38:11.985] Volume Callback - Master Volume changed to: 0.92 (Muted: NO)
[2026-06-16 18:38:12.006] Volume Callback - Master Volume changed to: 0.90 (Muted: NO)
[2026-06-16 18:38:12.029] Volume Callback - Master Volume changed to: 0.88 (Muted: NO)
[2026-06-16 18:38:12.052] Volume Callback - Master Volume changed to: 0.86 (Muted: NO)
[2026-06-16 18:38:12.079] Volume Callback - Master Volume changed to: 0.84 (Muted: NO)
[2026-06-16 18:38:12.117] Volume Callback - Master Volume changed to: 0.82 (Muted: NO)
[2026-06-16 18:38:12.134] Volume Callback - Master Volume changed to: 0.80 (Muted: NO)
[2026-06-16 18:38:12.159] Volume Callback - Master Volume changed to: 0.78 (Muted: NO)
[2026-06-16 18:38:12.182] Volume Callback - Master Volume changed to: 0.76 (Muted: NO)
[2026-06-16 18:38:12.209] Volume Callback - Master Volume changed to: 0.74 (Muted: NO)
[2026-06-16 18:38:12.233] Volume Callback - Master Volume changed to: 0.72 (Muted: NO)
[2026-06-16 18:38:12.277] Volume Callback - Master Volume changed to: 0.70 (Muted: NO)
[2026-06-16 18:38:12.307] Volume Callback - Master Volume changed to: 0.68 (Muted: NO)
[2026-06-16 18:38:12.329] Volume Callback - Master Volume changed to: 0.66 (Muted: NO)
[2026-06-16 18:38:12.355] Volume Callback - Master Volume changed to: 0.64 (Muted: NO)
[2026-06-16 18:38:12.380] Volume Callback - Master Volume changed to: 0.62 (Muted: NO)
[2026-06-16 18:38:12.409] Volume Callback - Master Volume changed to: 0.60 (Muted: NO)
[2026-06-16 18:38:12.438] Volume Callback - Master Volume changed to: 0.58 (Muted: NO)
[2026-06-16 18:38:12.581] Volume Callback - Master Volume changed to: 0.60 (Muted: NO)
[2026-06-16 18:38:12.607] Volume Callback - Master Volume changed to: 0.62 (Muted: NO)
[2026-06-16 18:38:12.659] Volume Callback - Master Volume changed to: 0.64 (Muted: NO)
[2026-06-16 18:38:12.671] Volume Callback - Master Volume changed to: 0.66 (Muted: NO)
[2026-06-16 18:38:12.694] Volume Callback - Master Volume changed to: 0.68 (Muted: NO)
[2026-06-16 18:38:12.714] Volume Callback - Master Volume changed to: 0.70 (Muted: NO)
[2026-06-16 18:38:12.732] Volume Callback - Master Volume changed to: 0.72 (Muted: NO)
[2026-06-16 18:38:12.750] Volume Callback - Master Volume changed to: 0.74 (Muted: NO)
[2026-06-16 18:38:12.772] Volume Callback - Master Volume changed to: 0.76 (Muted: NO)
[2026-06-16 18:38:12.790] Volume Callback - Master Volume changed to: 0.78 (Muted: NO)
[2026-06-16 18:38:12.831] Volume Callback - Master Volume changed to: 0.80 (Muted: NO)
[2026-06-16 18:38:12.842] Volume Callback - Master Volume changed to: 0.82 (Muted: NO)
[2026-06-16 18:38:12.885] Volume Callback - Master Volume changed to: 0.84 (Muted: NO)
[2026-06-16 18:38:12.906] Volume Callback - Master Volume changed to: 0.86 (Muted: NO)
[2026-06-16 18:38:12.920] Volume Callback - Master Volume changed to: 0.88 (Muted: NO)
[2026-06-16 18:38:12.945] Volume Callback - Master Volume changed to: 0.90 (Muted: NO)
[2026-06-16 18:38:12.960] Volume Callback - Master Volume changed to: 0.92 (Muted: NO)
[2026-06-16 18:38:12.994] Volume Callback - Master Volume changed to: 0.94 (Muted: NO)
[2026-06-16 18:38:13.013] Volume Callback - Master Volume changed to: 0.96 (Muted: NO)
[2026-06-16 18:38:13.036] Volume Callback - Master Volume changed to: 0.98 (Muted: NO)
[2026-06-16 18:38:13.057] Volume Callback - Master Volume changed to: 1.00 (Muted: NO)
[2026-06-16 18:38:46.073] ifi Zen DAC Volume Sync Service starting...
[2026-06-16 18:38:46.088] Target device 'ifi Zen DAC 3 (AMR HD+ USB Audio)' detected. Hooking volume controls...
[2026-06-16 18:38:46.095] Successfully hooked volume. Initial master volume: 1.00 (Muted: NO)
[2026-06-16 18:38:46.105] Service initialized successfully. Running background message loop...
[2026-06-16 18:38:50.704] Volume Callback - Master Volume changed to: 0.98 (Muted: NO)
[2026-06-16 18:38:50.721] Volume Callback - Master Volume changed to: 0.96 (Muted: NO)
[2026-06-16 18:38:50.749] Volume Callback - Master Volume changed to: 0.94 (Muted: NO)
[2026-06-16 18:38:50.772] Volume Callback - Master Volume changed to: 0.92 (Muted: NO)
[2026-06-16 18:38:50.786] Volume Callback - Master Volume changed to: 0.90 (Muted: NO)
[2026-06-16 18:38:50.823] Volume Callback - Master Volume changed to: 0.88 (Muted: NO)
[2026-06-16 18:38:50.861] Volume Callback - Master Volume changed to: 0.86 (Muted: NO)
[2026-06-16 18:38:50.884] Volume Callback - Master Volume changed to: 0.84 (Muted: NO)
[2026-06-16 18:38:50.905] Volume Callback - Master Volume changed to: 0.82 (Muted: NO)
[2026-06-16 18:38:50.952] Volume Callback - Master Volume changed to: 0.80 (Muted: NO)
[2026-06-16 18:38:51.247] Volume Callback - Master Volume changed to: 0.82 (Muted: NO)
[2026-06-16 18:38:51.264] Volume Callback - Master Volume changed to: 0.84 (Muted: NO)
[2026-06-16 18:38:51.287] Volume Callback - Master Volume changed to: 0.86 (Muted: NO)
[2026-06-16 18:38:51.311] Volume Callback - Master Volume changed to: 0.88 (Muted: NO)
[2026-06-16 18:38:51.338] Volume Callback - Master Volume changed to: 0.90 (Muted: NO)
[2026-06-16 18:38:51.351] Volume Callback - Master Volume changed to: 0.92 (Muted: NO)
[2026-06-16 18:38:51.372] Volume Callback - Master Volume changed to: 0.94 (Muted: NO)
[2026-06-16 18:38:51.390] Volume Callback - Master Volume changed to: 0.96 (Muted: NO)
[2026-06-16 18:38:51.584] Volume Callback - Master Volume changed to: 0.98 (Muted: NO)
[2026-06-16 18:38:51.596] Volume Callback - Master Volume changed to: 1.00 (Muted: NO)
[2026-06-16 18:38:51.893] Volume Callback - Master Volume changed to: 0.98 (Muted: NO)
[2026-06-16 18:38:51.911] Volume Callback - Master Volume changed to: 0.96 (Muted: NO)
[2026-06-16 18:38:51.949] Volume Callback - Master Volume changed to: 0.94 (Muted: NO)
[2026-06-16 18:38:51.974] Volume Callback - Master Volume changed to: 0.92 (Muted: NO)
[2026-06-16 18:38:52.147] Volume Callback - Master Volume changed to: 0.90 (Muted: NO)
[2026-06-16 18:38:52.170] Volume Callback - Master Volume changed to: 0.88 (Muted: NO)
[2026-06-16 18:38:52.251] Volume Callback - Master Volume changed to: 0.86 (Muted: NO)
[2026-06-16 18:38:52.263] Volume Callback - Master Volume changed to: 0.84 (Muted: NO)
[2026-06-16 18:38:52.402] Volume Callback - Master Volume changed to: 0.82 (Muted: NO)
[2026-06-16 18:38:52.412] Volume Callback - Master Volume changed to: 0.80 (Muted: NO)
[2026-06-16 18:38:52.425] Volume Callback - Master Volume changed to: 0.78 (Muted: NO)
[2026-06-16 18:38:52.435] Volume Callback - Master Volume changed to: 0.76 (Muted: NO)
[2026-06-16 18:38:52.445] Volume Callback - Master Volume changed to: 0.74 (Muted: NO)
[2026-06-16 18:38:52.457] Volume Callback - Master Volume changed to: 0.72 (Muted: NO)
[2026-06-16 18:38:52.476] Volume Callback - Master Volume changed to: 0.70 (Muted: NO)
[2026-06-16 18:38:52.636] Volume Callback - Master Volume changed to: 0.72 (Muted: NO)
[2026-06-16 18:38:52.669] Volume Callback - Master Volume changed to: 0.74 (Muted: NO)
[2026-06-16 18:38:52.692] Volume Callback - Master Volume changed to: 0.76 (Muted: NO)
[2026-06-16 18:38:52.723] Volume Callback - Master Volume changed to: 0.78 (Muted: NO)
[2026-06-16 18:38:52.738] Volume Callback - Master Volume changed to: 0.80 (Muted: NO)
[2026-06-16 18:38:52.764] Volume Callback - Master Volume changed to: 0.82 (Muted: NO)
[2026-06-16 18:38:52.924] Volume Callback - Master Volume changed to: 0.84 (Muted: NO)
[2026-06-16 18:38:52.964] Volume Callback - Master Volume changed to: 0.86 (Muted: NO)
[2026-06-16 18:38:52.991] Volume Callback - Master Volume changed to: 0.88 (Muted: NO)
[2026-06-16 18:38:53.022] Volume Callback - Master Volume changed to: 0.90 (Muted: NO)
[2026-06-16 18:38:53.049] Volume Callback - Master Volume changed to: 0.92 (Muted: NO)
[2026-06-16 18:38:53.211] Volume Callback - Master Volume changed to: 0.94 (Muted: NO)
[2026-06-16 18:38:53.255] Volume Callback - Master Volume changed to: 0.96 (Muted: NO)
[2026-06-16 18:38:53.282] Volume Callback - Master Volume changed to: 0.98 (Muted: NO)
[2026-06-16 18:38:53.304] Volume Callback - Master Volume changed to: 1.00 (Muted: NO)
